This is pdfTeX, Version 3.141592653-2.6-1.40.28 (MiKTeX 25.12) (preloaded format=pdflatex 2026.1.23)  3 MAY 2026 18:09
entering extended mode
 restricted \write18 enabled.
 file:line:error style messages enabled.
 %&-line parsing enabled.
**"c:/Users/vidal/OneDrive/Documentos/13 - CLONEGIT/artigo-posdoc/3-EROSIBIDADE/1-MANUSCRITOS/8-SIMULACAO_K_PLINTOSSOLO/Simulacao_Kplint_USLE_ECZ.tex"
(c:/Users/vidal/OneDrive/Documentos/13 - CLONEGIT/artigo-posdoc/3-EROSIBIDADE/1-MANUSCRITOS/8-SIMULACAO_K_PLINTOSSOLO/Simulacao_Kplint_USLE_ECZ.tex
LaTeX2e <2025-11-01>
L3 programming layer <2025-12-29>
(C:\Users\vidal\AppData\Local\Programs\MiKTeX\tex/latex/elsarticle\elsarticle.cls
Document Class: elsarticle 2026/01/09, 3.5: Elsevier Ltd
(C:\Users\vidal\AppData\Local\Programs\MiKTeX\tex/latex/base\fontenc.sty
Package: fontenc 2025/07/18 v2.1d Standard LaTeX package
) (C:\Users\vidal\AppData\Local\Programs\MiKTeX\tex/latex/l3kernel\expl3.sty
Package: expl3 2025-12-29 L3 programming layer (loader) 
 (C:\Users\vidal\AppData\Local\Programs\MiKTeX\tex/latex/l3backend\l3backend-pdftex.def
File: l3backend-pdftex.def 2025-10-09 L3 backend support: PDF output (pdfTeX)
\l__color_backend_stack_int=\count275
)) (C:\Users\vidal\AppData\Local\Programs\MiKTeX\tex/latex/l3packages/xparse\xparse.sty
Package: xparse 2025-10-09 L3 Experimental document command parser
) (C:\Users\vidal\AppData\Local\Programs\MiKTeX\tex/latex/etoolbox\etoolbox.sty
Package: etoolbox 2025/10/02 v2.5m e-TeX tools for LaTeX (JAW)
\etb@tempcnta=\count276
)
\@bls=\dimen148
 (C:\Users\vidal\AppData\Local\Programs\MiKTeX\tex/latex/base\article.cls
Document Class: article 2025/01/22 v1.4n Standard LaTeX document class
(C:\Users\vidal\AppData\Local\Programs\MiKTeX\tex/latex/base\size12.clo
File: size12.clo 2025/01/22 v1.4n Standard LaTeX file (size option)
)
\c@part=\count277
\c@section=\count278
\c@subsection=\count279
\c@subsubsection=\count280
\c@paragraph=\count281
\c@subparagraph=\count282
\c@figure=\count283
\c@table=\count284
\abovecaptionskip=\skip49
\belowcaptionskip=\skip50
\bibindent=\dimen149
) (C:\Users\vidal\AppData\Local\Programs\MiKTeX\tex/latex/graphics\graphicx.sty
Package: graphicx 2024/12/31 v1.2e Enhanced LaTeX Graphics (DPC,SPQR)
 (C:\Users\vidal\AppData\Local\Programs\MiKTeX\tex/latex/graphics\keyval.sty
Package: keyval 2022/05/29 v1.15 key=value parser (DPC)
\KV@toks@=\toks17
) (C:\Users\vidal\AppData\Local\Programs\MiKTeX\tex/latex/graphics\graphics.sty
Package: graphics 2024/08/06 v1.4g Standard LaTeX Graphics (DPC,SPQR)
 (C:\Users\vidal\AppData\Local\Programs\MiKTeX\tex/latex/graphics\trig.sty
Package: trig 2023/12/02 v1.11 sin cos tan (DPC)
) (C:\Users\vidal\AppData\Local\Programs\MiKTeX\tex/latex/graphics-cfg\graphics.cfg
File: graphics.cfg 2016/06/04 v1.11 sample graphics configuration
)
Package graphics Info: Driver file: pdftex.def on input line 106.
 (C:\Users\vidal\AppData\Local\Programs\MiKTeX\tex/latex/graphics-def\pdftex.def
File: pdftex.def 2025/09/29 v1.2d Graphics/color driver for pdftex
))
\Gin@req@height=\dimen150
\Gin@req@width=\dimen151
)
\c@tnote=\count285
\c@fnote=\count286
\c@cnote=\count287
\c@ead=\count288
\c@elsarticle@author=\count289
\@eadauthor=\toks18
\c@affn=\count290
\absbox=\box53
\elsarticlehighlightsbox=\box54
\elsarticlegrabsbox=\box55
\keybox=\box56
\Columnwidth=\dimen152
\space@left=\dimen153
\els@boxa=\box57
\els@boxb=\box58
\leftMargin=\dimen154
\@enLab=\toks19
\@sep=\skip51
\@@sep=\skip52
 (Simulacao_Kplint_USLE_ECZ.spl) (C:\Users\vidal\AppData\Local\Programs\MiKTeX\tex/latex/natbib\natbib.sty
Package: natbib 2010/09/13 8.31b (PWD, AO)
\bibhang=\skip53
\bibsep=\skip54
LaTeX Info: Redefining \cite on input line 694.
\c@NAT@ctr=\count291
)
\splwrite=\write3
\openout3 = `Simulacao_Kplint_USLE_ECZ.spl'.

\appnamewidth=\dimen155
) (C:\Users\vidal\AppData\Local\Programs\MiKTeX\tex/latex/amsfonts\amssymb.sty
Package: amssymb 2013/01/14 v3.01 AMS font symbols
 (C:\Users\vidal\AppData\Local\Programs\MiKTeX\tex/latex/amsfonts\amsfonts.sty
Package: amsfonts 2013/01/14 v3.01 Basic AMSFonts support
\@emptytoks=\toks20
\symAMSa=\mathgroup4
\symAMSb=\mathgroup5
LaTeX Font Info:    Redeclaring math symbol \hbar on input line 98.
LaTeX Font Info:    Overwriting math alphabet `\mathfrak' in version `bold'
(Font)                  U/euf/m/n --> U/euf/b/n on input line 106.
)) (C:\Users\vidal\AppData\Local\Programs\MiKTeX\tex/latex/amsmath\amsmath.sty
Package: amsmath 2025/07/09 v2.17z AMS math features
\@mathmargin=\skip55

For additional information on amsmath, use the `?' option.
(C:\Users\vidal\AppData\Local\Programs\MiKTeX\tex/latex/amsmath\amstext.sty
Package: amstext 2024/11/17 v2.01 AMS text
 (C:\Users\vidal\AppData\Local\Programs\MiKTeX\tex/latex/amsmath\amsgen.sty
File: amsgen.sty 1999/11/30 v2.0 generic functions
\@emptytoks=\toks21
\ex@=\dimen156
)) (C:\Users\vidal\AppData\Local\Programs\MiKTeX\tex/latex/amsmath\amsbsy.sty
Package: amsbsy 1999/11/29 v1.2d Bold Symbols
\pmbraise@=\dimen157
) (C:\Users\vidal\AppData\Local\Programs\MiKTeX\tex/latex/amsmath\amsopn.sty
Package: amsopn 2022/04/08 v2.04 operator names
)
\inf@bad=\count292
LaTeX Info: Redefining \frac on input line 233.
\uproot@=\count293
\leftroot@=\count294
LaTeX Info: Redefining \overline on input line 398.
LaTeX Info: Redefining \colon on input line 409.
\classnum@=\count295
\DOTSCASE@=\count296
LaTeX Info: Redefining \ldots on input line 495.
LaTeX Info: Redefining \dots on input line 498.
LaTeX Info: Redefining \cdots on input line 619.
\Mathstrutbox@=\box59
\strutbox@=\box60
LaTeX Info: Redefining \big on input line 721.
LaTeX Info: Redefining \Big on input line 722.
LaTeX Info: Redefining \bigg on input line 723.
LaTeX Info: Redefining \Bigg on input line 724.
\big@size=\dimen158
LaTeX Font Info:    Redeclaring font encoding OML on input line 742.
LaTeX Font Info:    Redeclaring font encoding OMS on input line 743.
\macc@depth=\count297
LaTeX Info: Redefining \bmod on input line 904.
LaTeX Info: Redefining \pmod on input line 909.
LaTeX Info: Redefining \smash on input line 939.
LaTeX Info: Redefining \relbar on input line 969.
LaTeX Info: Redefining \Relbar on input line 970.
\c@MaxMatrixCols=\count298
\dotsspace@=\muskip17
\c@parentequation=\count299
\dspbrk@lvl=\count300
\tag@help=\toks22
\row@=\count301
\column@=\count302
\maxfields@=\count303
\andhelp@=\toks23
\eqnshift@=\dimen159
\alignsep@=\dimen160
\tagshift@=\dimen161
\tagwidth@=\dimen162
\totwidth@=\dimen163
\lineht@=\dimen164
\@envbody=\toks24
\multlinegap=\skip56
\multlinetaggap=\skip57
\mathdisplay@stack=\toks25
LaTeX Info: Redefining \[ on input line 2950.
LaTeX Info: Redefining \] on input line 2951.
) (C:\Users\vidal\AppData\Local\Programs\MiKTeX\tex/latex/booktabs\booktabs.sty
Package: booktabs 2020/01/12 v1.61803398 Publication quality tables
\heavyrulewidth=\dimen165
\lightrulewidth=\dimen166
\cmidrulewidth=\dimen167
\belowrulesep=\dimen168
\belowbottomsep=\dimen169
\aboverulesep=\dimen170
\abovetopsep=\dimen171
\cmidrulesep=\dimen172
\cmidrulekern=\dimen173
\defaultaddspace=\dimen174
\@cmidla=\count304
\@cmidlb=\count305
\@aboverulesep=\dimen175
\@belowrulesep=\dimen176
\@thisruleclass=\count306
\@lastruleclass=\count307
\@thisrulewidth=\dimen177
) (C:\Users\vidal\AppData\Local\Programs\MiKTeX\tex/latex/base\inputenc.sty
Package: inputenc 2024/02/08 v1.3d Input encoding file
\inpenc@prehook=\toks26
\inpenc@posthook=\toks27
) (C:\Users\vidal\AppData\Local\Programs\MiKTeX\tex/latex/base\fontenc.sty
Package: fontenc 2025/07/18 v2.1d Standard LaTeX package
) (C:\Users\vidal\AppData\Local\Programs\MiKTeX\tex/latex/lineno\lineno.sty
Package: lineno 2025/05/13 line numbers on paragraphs v5.5
 (C:\Users\vidal\AppData\Local\Programs\MiKTeX\tex/latex/kvoptions\kvoptions.sty
Package: kvoptions 2022-06-15 v3.15 Key value format for package options (HO)
 (C:\Users\vidal\AppData\Local\Programs\MiKTeX\tex/generic/ltxcmds\ltxcmds.sty
Package: ltxcmds 2023-12-04 v1.26 LaTeX kernel commands for general use (HO)
) (C:\Users\vidal\AppData\Local\Programs\MiKTeX\tex/latex/kvsetkeys\kvsetkeys.sty
Package: kvsetkeys 2022-10-05 v1.19 Key value parser (HO)
))
\linenopenalty=\count308
\output=\toks28
\linenoprevgraf=\count309
\linenumbersep=\dimen178
\linenumberwidth=\dimen179
\c@linenumber=\count310
\c@pagewiselinenumber=\count311
\c@LN@truepage=\count312
\c@internallinenumber=\count313
\c@internallinenumbers=\count314
\quotelinenumbersep=\dimen180
\bframerule=\dimen181
\bframesep=\dimen182
\bframebox=\box61
\@LN@amsmath@ams@eqpen=\count315
) (Simulacao_Kplint_USLE_ECZ.aux)
\openout1 = `Simulacao_Kplint_USLE_ECZ.aux'.

LaTeX Font Info:    Checking defaults for OML/cmm/m/it on input line 17.
LaTeX Font Info:    ... okay on input line 17.
LaTeX Font Info:    Checking defaults for OMS/cmsy/m/n on input line 17.
LaTeX Font Info:    ... okay on input line 17.
LaTeX Font Info:    Checking defaults for OT1/cmr/m/n on input line 17.
LaTeX Font Info:    ... okay on input line 17.
LaTeX Font Info:    Checking defaults for T1/cmr/m/n on input line 17.
LaTeX Font Info:    ... okay on input line 17.
LaTeX Font Info:    Checking defaults for TS1/cmr/m/n on input line 17.
LaTeX Font Info:    ... okay on input line 17.
LaTeX Font Info:    Checking defaults for OMX/cmex/m/n on input line 17.
LaTeX Font Info:    ... okay on input line 17.
LaTeX Font Info:    Checking defaults for U/cmr/m/n on input line 17.
LaTeX Font Info:    ... okay on input line 17.
 (C:\Users\vidal\AppData\Local\Programs\MiKTeX\tex/context/base/mkii\supp-pdf.mkii
[Loading MPS to PDF converter (version 2006.09.02).]
\scratchcounter=\count316
\scratchdimen=\dimen183
\scratchbox=\box62
\nofMPsegments=\count317
\nofMParguments=\count318
\everyMPshowfont=\toks29
\MPscratchCnt=\count319
\MPscratchDim=\dimen184
\MPnumerator=\count320
\makeMPintoPDFobject=\count321
\everyMPtoPDFconversion=\toks30
) (C:\Users\vidal\AppData\Local\Programs\MiKTeX\tex/latex/epstopdf-pkg\epstopdf-base.sty
Package: epstopdf-base 2020-01-24 v2.11 Base part for package epstopdf
Package epstopdf-base Info: Redefining graphics rule for `.eps' on input line 485.
 (C:\Users\vidal\AppData\Local\Programs\MiKTeX\tex/latex/00miktex\epstopdf-sys.cfg
File: epstopdf-sys.cfg 2021/03/18 v2.0 Configuration of epstopdf for MiKTeX
))
LaTeX Font Info:    Trying to load font information for U+msa on input line 77.
 (C:\Users\vidal\AppData\Local\Programs\MiKTeX\tex/latex/amsfonts\umsa.fd
File: umsa.fd 2013/01/14 v3.01 AMS symbols A
)
LaTeX Font Info:    Trying to load font information for U+msb on input line 77.
 (C:\Users\vidal\AppData\Local\Programs\MiKTeX\tex/latex/amsfonts\umsb.fd
File: umsb.fd 2013/01/14 v3.01 AMS symbols B
)
Overfull \hbox (28.1742pt too wide) in paragraph at lines 84--85
[]\T1/cmr/m/n/12 Green--Ampt model val-i-dates infiltration-rate thresh-old sep-a-rat-ing Plinthosol
 []

[1

{C:/Users/vidal/AppData/Local/MiKTeX/fonts/map/pdftex/pdftex.map}] [1


]

Package natbib Warning: Citation `montgomery_2007' on page 2 undefined on input line 103.


Package natbib Warning: Citation `borrelli_et_al_2017' on page 2 undefined on input line 103.


Package natbib Warning: Citation `lal_2001' on page 2 undefined on input line 103.

[2]

Package natbib Warning: Citation `wischmeier_smith_1978' on page 3 undefined on input line 105.


Package natbib Warning: Citation `renard_et_al_1997' on page 3 undefined on input line 105.


Package natbib Warning: Citation `alewell_et_al_2019' on page 3 undefined on input line 105.


Package natbib Warning: Citation `wischmeier_et_al_1971' on page 3 undefined on input line 105.


Package natbib Warning: Citation `roemkens_et_al_1997' on page 3 undefined on input line 105.


Package natbib Warning: Citation `alewell_et_al_2019' on page 3 undefined on input line 107.


Package natbib Warning: Citation `cassol_et_al_2023' on page 3 undefined on input line 107.


Package natbib Warning: Citation `silva_et_al_2009' on page 3 undefined on input line 107.


Package natbib Warning: Citation `lafayette_cantalice_coutinho_2011' on page 3 undefined on input line 107.


Package natbib Warning: Citation `wang_et_al_2020' on page 3 undefined on input line 107.


Package natbib Warning: Citation `embrapa_2018' on page 3 undefined on input line 107.


Package natbib Warning: Citation `horton_1933' on page 3 undefined on input line 107.


Package natbib Warning: Citation `bertoni_lombardi_neto_2017' on page 3 undefined on input line 107.


Package natbib Warning: Citation `gura_et_al_2022' on page 3 undefined on input line 107.


Package natbib Warning: Citation `poesen_2018' on page 3 undefined on input line 107.


Package natbib Warning: Citation `poesen_et_al_2003' on page 3 undefined on input line 107.


Package natbib Warning: Citation `kirkby_bracken_2009' on page 3 undefined on input line 107.


Package natbib Warning: Citation `vanmaercke_et_al_2021' on page 3 undefined on input line 107.


Package natbib Warning: Citation `nearing_et_al_1989' on page 3 undefined on input line 107.


Package natbib Warning: Citation `sidorchuk_2006' on page 3 undefined on input line 107.


Package natbib Warning: Citation `wilkinson_et_al_2024' on page 3 undefined on input line 107.

[3]

Package natbib Warning: Citation `alewell_et_al_2019' on page 4 undefined on input line 109.


Package natbib Warning: Citation `saltelli_et_al_2004' on page 4 undefined on input line 109.


Package natbib Warning: Citation `sobol_2001' on page 4 undefined on input line 109.


Package natbib Warning: Citation `francois_et_al_2024' on page 4 undefined on input line 109.


Package natbib Warning: Citation `nascimento_pedrotti_2004' on page 4 undefined on input line 111.


Package natbib Warning: Citation `embrapa_2018' on page 4 undefined on input line 111.


Package natbib Warning: Citation `gura_et_al_2022' on page 4 undefined on input line 111.


Package natbib Warning: Citation `poesen_2018' on page 4 undefined on input line 111.


Package natbib Warning: Citation `wischmeier_et_al_1971' on page 4 undefined on input line 111.


Package natbib Warning: Citation `roemkens_et_al_1997' on page 4 undefined on input line 111.


Package natbib Warning: Citation `alewell_et_al_2019' on page 4 undefined on input line 111.


Package natbib Warning: Citation `alewell_et_al_2019' on page 4 undefined on input line 113.


Package natbib Warning: Citation `saltelli_et_al_2004' on page 4 undefined on input line 113.


Package natbib Warning: Citation `beven_freer_2001' on page 4 undefined on input line 113.


Package natbib Warning: Citation `her_chaubey_2015' on page 4 undefined on input line 113.


Package natbib Warning: Citation `gupta_et_al_2024' on page 4 undefined on input line 115.


Package natbib Warning: Citation `benavidez_et_al_2018' on page 4 undefined on input line 115.


Package natbib Warning: Citation `alewell_et_al_2019' on page 4 undefined on input line 115.


Package natbib Warning: Citation `poesen_2018' on page 4 undefined on input line 115.


Package natbib Warning: Citation `vanmaercke_et_al_2021' on page 4 undefined on input line 115.

[4]

Package natbib Warning: Citation `gupta_et_al_2024' on page 5 undefined on input line 117.


Package natbib Warning: Citation `cheviron_et_al_2010' on page 5 undefined on input line 117.


Package natbib Warning: Citation `rao_et_al_2016' on page 5 undefined on input line 117.


Package natbib Warning: Citation `gudino_elizondo_et_al_2018' on page 5 undefined on input line 117.


Package natbib Warning: Citation `barthes_roose_2002' on page 5 undefined on input line 117.


Package natbib Warning: Citation `silva_et_al_2009' on page 5 undefined on input line 119.


Package natbib Warning: Citation `bertoni_lombardi_neto_2017' on page 5 undefined on input line 119.

[5]

Package natbib Warning: Citation `poesen_2018' on page 6 undefined on input line 129.


LaTeX Warning: Reference `eq:kplint' on page 6 undefined on input line 131.


Package natbib Warning: Citation `deroo_1992' on page 6 undefined on input line 144.


Package natbib Warning: Citation `de_moraes_et_al_2006' on page 6 undefined on input line 144.

[6]

Package natbib Warning: Citation `padmanabhan_2005' on page 7 undefined on input line 146.


Package natbib Warning: Citation `bertoni_lombardi_neto_2017' on page 7 undefined on input line 146.


LaTeX Warning: Reference `eq:alpha' on page 7 undefined on input line 148.


Package natbib Warning: Citation `kinnell_2005' on page 7 undefined on input line 155.


Package natbib Warning: Citation `embrapa_2018' on page 7 undefined on input line 157.


Package natbib Warning: Citation `embrapa_2018' on page 7 undefined on input line 161.


Package natbib Warning: Citation `kochian_et_al_2005' on page 7 undefined on input line 161.


Package natbib Warning: Citation `gyssels_et_al_2005' on page 7 undefined on input line 161.

[7]

LaTeX Warning: Reference `eq:beta' on page 8 undefined on input line 163.


Package natbib Warning: Citation `fredlund_rahardjo_1993' on page 8 undefined on input line 176.

[8]

LaTeX Warning: Reference `eq:gamma' on page 9 undefined on input line 178.

[9]

Package natbib Warning: Citation `embrapa_2018' on page 10 undefined on input line 198.


LaTeX Warning: Reference `sec:validation' on page 10 undefined on input line 198.


Package natbib Warning: Citation `nascimento_pedrotti_2004' on page 10 undefined on input line 208.


LaTeX Warning: Reference `fig:area' on page 10 undefined on input line 210.


LaTeX Warning: Reference `fig:area' on page 10 undefined on input line 212.


LaTeX Warning: Reference `eq:hc' on page 10 undefined on input line 212.

[10]
<figuras/fig_00a_area_estudo_aerea.png, id=57, 319.6305pt x 226.008pt>
File: figuras/fig_00a_area_estudo_aerea.png Graphic file (type png)
<use figuras/fig_00a_area_estudo_aerea.png>
Package pdftex.def Info: figuras/fig_00a_area_estudo_aerea.png  used on input line 216.
(pdftex.def)             Requested size: 331.50238pt x 234.40479pt.
<figuras/fig_00b_feicoes_drone_campo.jpeg, id=59, 365.949pt x 177.0615pt>
File: figuras/fig_00b_feicoes_drone_campo.jpeg Graphic file (type jpg)
<use figuras/fig_00b_feicoes_drone_campo.jpeg>
Package pdftex.def Info: figuras/fig_00b_feicoes_drone_campo.jpeg  used on input line 217.
(pdftex.def)             Requested size: 331.50238pt x 160.39671pt.


Package natbib Warning: Citation `wischmeier_et_al_1971' on page 11 undefined on input line 228.


LaTeX Warning: Reference `tab:profiles' on page 11 undefined on input line 228.

[11] [12 <./figuras/fig_00a_area_estudo_aerea.png> <./figuras/fig_00b_feicoes_drone_campo.jpeg>]

Package natbib Warning: Citation `silva_et_al_2009' on page 13 undefined on input line 230.


Package natbib Warning: Citation `bertoni_lombardi_neto_2017' on page 13 undefined on input line 230.


Overfull \hbox (9.2111pt too wide) in paragraph at lines 237--255
 [][] 
 []


LaTeX Warning: Reference `eq:hc' on page 13 undefined on input line 256.


LaTeX Warning: Reference `fig:sitio' on page 13 undefined on input line 264.

<figuras/fig_09_sitio_experimental.png, id=68, 407.121pt x 202.356pt>
File: figuras/fig_09_sitio_experimental.png Graphic file (type png)
<use figuras/fig_09_sitio_experimental.png>
Package pdftex.def Info: figuras/fig_09_sitio_experimental.png  used on input line 268.
(pdftex.def)             Requested size: 390.0pt x 193.85814pt.
[13] [14] [15 <./figuras/fig_09_sitio_experimental.png (PNG copy)>]

Package natbib Warning: Citation `sobol_2001' on page 16 undefined on input line 283.


Package natbib Warning: Citation `saltelli_et_al_2004' on page 16 undefined on input line 283.

[16]

Package natbib Warning: Citation `rankine_1857' on page 17 undefined on input line 288.


Package natbib Warning: Citation `green_ampt_1911' on page 17 undefined on input line 292.


LaTeX Warning: Reference `eq:kplint' on page 17 undefined on input line 296.

[17]

LaTeX Warning: Reference `tab:profiles' on page 18 undefined on input line 306.


LaTeX Warning: Reference `fig:area' on page 18 undefined on input line 306.


Package natbib Warning: Citation `alewell_et_al_2019' on page 18 undefined on input line 308.


Package natbib Warning: Citation `vannoppen_2015' on page 18 undefined on input line 310.

[18]

LaTeX Warning: Reference `fig:calibracao' on page 19 undefined on input line 316.

<figuras/fig_01_calibracao_sintetica.png, id=91, 578.16pt x 361.35pt>
File: figuras/fig_01_calibracao_sintetica.png Graphic file (type png)
<use figuras/fig_01_calibracao_sintetica.png>
Package pdftex.def Info: figuras/fig_01_calibracao_sintetica.png  used on input line 322.
(pdftex.def)             Requested size: 350.99762pt x 219.37006pt.

LaTeX Warning: Reference `fig:boxplot' on page 19 undefined on input line 327.


Package natbib Warning: Citation `beven_freer_2001' on page 19 undefined on input line 327.


Package natbib Warning: Citation `beven_2006' on page 19 undefined on input line 327.

[19]

Package natbib Warning: Citation `her_chaubey_2015' on page 20 undefined on input line 329.

[20 <./figuras/fig_01_calibracao_sintetica.png>]
<figuras/fig_02_boxplot_parametros.png, id=99, 1300.86pt x 361.35pt>
File: figuras/fig_02_boxplot_parametros.png Graphic file (type png)
<use figuras/fig_02_boxplot_parametros.png>
Package pdftex.def Info: figuras/fig_02_boxplot_parametros.png  used on input line 335.
(pdftex.def)             Requested size: 390.0pt x 108.33415pt.


Package natbib Warning: Citation `cassol_et_al_2023' on page 21 undefined on input line 342.


Package natbib Warning: Citation `auerswald_et_al_2014' on page 21 undefined on input line 342.


Package natbib Warning: Citation `ostovari_et_al_2016' on page 21 undefined on input line 342.

[21 <./figuras/fig_02_boxplot_parametros.png>]

LaTeX Warning: Reference `fig:sobol' on page 22 undefined on input line 346.


Package natbib Warning: Citation `saltelli_et_al_2004' on page 22 undefined on input line 346.


Package natbib Warning: Citation `chaves_nearing_1991' on page 22 undefined on input line 346.

<figuras/fig_03_sensibilidade_sobol.png, id=104, 1011.78pt x 722.7pt>
File: figuras/fig_03_sensibilidade_sobol.png Graphic file (type png)
<use figuras/fig_03_sensibilidade_sobol.png>
Package pdftex.def Info: figuras/fig_03_sensibilidade_sobol.png  used on input line 350.
(pdftex.def)             Requested size: 390.0pt x 278.57669pt.
[22] [23 <./figuras/fig_03_sensibilidade_sobol.png>]

Package natbib Warning: Citation `francois_et_al_2024' on page 24 undefined on input line 357.


Package natbib Warning: Citation `alewell_et_al_2019' on page 24 undefined on input line 357.


Package natbib Warning: Citation `bagarello_et_al_2012' on page 24 undefined on input line 357.


LaTeX Warning: Reference `fig:interacoes' on page 24 undefined on input line 359.

<figuras/fig_04_interacoes_s2.png, id=114, 505.89pt x 433.62pt>
File: figuras/fig_04_interacoes_s2.png Graphic file (type png)
<use figuras/fig_04_interacoes_s2.png>
Package pdftex.def Info: figuras/fig_04_interacoes_s2.png  used on input line 365.
(pdftex.def)             Requested size: 272.99881pt x 233.99913pt.

LaTeX Warning: Reference `fig:taludes' on page 24 undefined on input line 372.


Package natbib Warning: Citation `fredlund_rahardjo_1993' on page 24 undefined on input line 372.

[24] [25 <./figuras/fig_04_interacoes_s2.png>]

Package natbib Warning: Citation `oliveira_1991' on page 26 undefined on input line 374.


Package natbib Warning: Citation `vandekerckhove_et_al_2003' on page 26 undefined on input line 374.


Package natbib Warning: Citation `campo_bescos_et_al_2013' on page 26 undefined on input line 374.

<figuras/fig_05_estabilidade_taludes.png, id=124, 1011.78pt x 433.62pt>
File: figuras/fig_05_estabilidade_taludes.png Graphic file (type png)
<use figuras/fig_05_estabilidade_taludes.png>
Package pdftex.def Info: figuras/fig_05_estabilidade_taludes.png  used on input line 378.
(pdftex.def)             Requested size: 390.0pt x 167.14601pt.

Package natbib Warning: Citation `vanmaercke_et_al_2021' on page 26 undefined on input line 383.

[26]

LaTeX Warning: Reference `tab:fs' on page 27 undefined on input line 385.


Package natbib Warning: Citation `poesen_2018' on page 27 undefined on input line 385.


LaTeX Warning: Reference `fig:infiltracao' on page 27 undefined on input line 408.


Package natbib Warning: Citation `wang_et_al_1999' on page 27 undefined on input line 408.

[27 <./figuras/fig_05_estabilidade_taludes.png>]
<figuras/fig_06_infiltracao_escoamento.png, id=132, 1011.78pt x 433.62pt>
File: figuras/fig_06_infiltracao_escoamento.png Graphic file (type png)
<use figuras/fig_06_infiltracao_escoamento.png>
Package pdftex.def Info: figuras/fig_06_infiltracao_escoamento.png  used on input line 412.
(pdftex.def)             Requested size: 390.0pt x 167.14601pt.


LaTeX Warning: Reference `eq:alpha' on page 28 undefined on input line 413.


LaTeX Warning: Reference `eq:alpha' on page 28 undefined on input line 413.


Package natbib Warning: Citation `morgan_2005' on page 28 undefined on input line 417.


Package natbib Warning: Citation `bertoni_lombardi_neto_2017' on page 28 undefined on input line 417.

[28]

LaTeX Warning: Reference `fig:hidrograma' on page 29 undefined on input line 419.


Package natbib Warning: Citation `horton_1933' on page 29 undefined on input line 419.

[29 <./figuras/fig_06_infiltracao_escoamento.png>]
<figuras/fig_07_hidrograma_i60.png, id=141, 578.16pt x 361.35pt>
File: figuras/fig_07_hidrograma_i60.png Graphic file (type png)
<use figuras/fig_07_hidrograma_i60.png>
Package pdftex.def Info: figuras/fig_07_hidrograma_i60.png  used on input line 425.
(pdftex.def)             Requested size: 312.00119pt x 194.99928pt.


LaTeX Warning: Reference `fig:erosao' on page 30 undefined on input line 432.

[30 <./figuras/fig_07_hidrograma_i60.png>]

Package natbib Warning: Citation `nearing_nicks_1998' on page 31 undefined on input line 436.


Package natbib Warning: Citation `deviren_saygin_et_al_2018' on page 31 undefined on input line 436.

<figuras/fig_08_erosao_virtual.png, id=147, 1011.78pt x 867.24pt>
File: figuras/fig_08_erosao_virtual.png Graphic file (type png)
<use figuras/fig_08_erosao_virtual.png>
Package pdftex.def Info: figuras/fig_08_erosao_virtual.png  used on input line 440.
(pdftex.def)             Requested size: 390.0pt x 334.29204pt.

Package natbib Warning: Citation `renard_et_al_1997' on page 31 undefined on input line 445.


Package natbib Warning: Citation `lafayette_cantalice_coutinho_2011' on page 31 undefined on input line 445.


Package natbib Warning: Citation `cassol_et_al_2023' on page 31 undefined on input line 445.


Package natbib Warning: Citation `wischmeier_et_al_1971' on page 31 undefined on input line 445.


Package natbib Warning: Citation `alewell_et_al_2019' on page 31 undefined on input line 447.


Package natbib Warning: Citation `torri_poesen_2014' on page 31 undefined on input line 447.

[31] [32 <./figuras/fig_08_erosao_virtual.png>]

Package natbib Warning: Citation `bagarello_et_al_2012' on page 33 undefined on input line 449.


Package natbib Warning: Citation `ostovari_et_al_2016' on page 33 undefined on input line 449.


Package natbib Warning: Citation `francois_et_al_2024' on page 33 undefined on input line 449.


Package natbib Warning: Citation `beven_freer_2001' on page 33 undefined on input line 451.


Package natbib Warning: Citation `nearing_govers_norton_1999' on page 33 undefined on input line 456.

[33]

Package natbib Warning: Citation `nyssen_et_al_2007' on page 34 undefined on input line 458.


Package natbib Warning: Citation `vancampenhout_et_al_2006' on page 34 undefined on input line 458.

[34]
Overfull \hbox (271.49014pt too wide) in paragraph at lines 465--477
 [][] 
 []


LaTeX Warning: Reference `tab:comparativa' on page 35 undefined on input line 479.

[35] [36]
c:/Users/vidal/OneDrive/Documentos/13 - CLONEGIT/artigo-posdoc/3-EROSIBIDADE/1-MANUSCRITOS/8-SIMULACAO_K_PLINTOSSOLO/Simulacao_Kplint_USLE_ECZ.tex:508: Undefined control sequence.
l.508 ...ted figures are available at Zenodo (\url
                                                  {https://doi.org/10.5281/z...
The control sequence at the end of the top line
of your error message was never \def'ed. If you have
misspelled it (e.g., `\hobx'), type `I' and the correct
spelling (e.g., `I\hbox'). Otherwise just continue,
and I'll forget about whatever was undefined.

c:/Users/vidal/OneDrive/Documentos/13 - CLONEGIT/artigo-posdoc/3-EROSIBIDADE/1-MANUSCRITOS/8-SIMULACAO_K_PLINTOSSOLO/Simulacao_Kplint_USLE_ECZ.tex:508: Undefined control sequence.
l.508 ...ailable in the project repository at \url
                                                  {https://github.com/ldvsan...
The control sequence at the end of the top line
of your error message was never \def'ed. If you have
misspelled it (e.g., `\hobx'), type `I' and the correct
spelling (e.g., `I\hbox'). Otherwise just continue,
and I'll forget about whatever was undefined.

[37]

LaTeX Warning: Reference `sec:test3' on page 38 undefined on input line 529.

(Simulacao_Kplint_USLE_ECZ.bbl)

Package natbib Warning: There were undefined citations.

[38] (Simulacao_Kplint_USLE_ECZ.aux)
 ***********
LaTeX2e <2025-11-01>
L3 programming layer <2025-12-29>
 ***********


LaTeX Warning: There were undefined references.


LaTeX Warning: Label(s) may have changed. Rerun to get cross-references right.

 ) 
Here is how much of TeX's memory you used:
 4828 strings out of 467871
 74375 string characters out of 5418376
 478564 words of memory out of 5000000
 33631 multiletter control sequences out of 15000+600000
 649545 words of font info for 97 fonts, out of 8000000 for 9000
 1141 hyphenation exceptions out of 8191
 72i,11n,79p,2426b,422s stack positions out of 10000i,1000n,20000p,200000b,200000s
 <C:\Users\vidal\AppData\Local\MiKTeX\fonts/pk/ljfour/jknappen/ec/dpi600\ectt1200.pk> <C:\Users\vidal\AppData\Local\MiKTeX\fonts/pk/ljfour/jknappen/ec/dpi600\ecbx1000.pk> <C:\Users\vidal\AppData\Local\MiKTeX\fonts/pk/ljfour/jknappen/ec/dpi600\ecbx1095.pk> <C:\Users\vidal\AppData\Local\MiKTeX\fonts/pk/ljfour/jknappen/ec/dpi600\ecrm1095.pk> <C:\Users\vidal\AppData\Local\MiKTeX\fonts/pk/ljfour/jknappen/ec/dpi450\ecss0800.pk> <C:\Users\vidal\AppData\Local\MiKTeX\fonts/pk/ljfour/jknappen/ec/dpi600\ecti1200.pk> <C:\Users\vidal\AppData\Local\MiKTeX\fonts/pk/ljfour/jknappen/ec/dpi600\ecrm1000.pk> <C:\Users\vidal\AppData\Local\MiKTeX\fonts/pk/ljfour/jknappen/ec/dpi600\ecti1000.pk> <C:\Users\vidal\AppData\Local\MiKTeX\fonts/pk/ljfour/jknappen/ec/dpi600\ecti0700.pk> <C:\Users\vidal\AppData\Local\MiKTeX\fonts/pk/ljfour/jknappen/ec/dpi600\ecrm0800.pk> <C:\Users\vidal\AppData\Local\MiKTeX\fonts/pk/ljfour/jknappen/ec/dpi600\tcrm1200.pk> <C:\Users\vidal\AppData\Local\MiKTeX\fonts/pk/ljfour/jknappen/ec/dpi600\ecrm1200.pk> <C:\Users\vidal\AppData\Local\MiKTeX\fonts/pk/ljfour/jknappen/ec/dpi600\ecbx1200.pk> <C:\Users\vidal\AppData\Local\MiKTeX\fonts/pk/ljfour/jknappen/ec/dpi600\ecrm1728.pk><C:/Users/vidal/AppData/Local/Programs/MiKTeX/fonts/type1/public/amsfonts/cm/cmbx8.pfb><C:/Users/vidal/AppData/Local/Programs/MiKTeX/fonts/type1/public/amsfonts/cm/cmex10.pfb><C:/Users/vidal/AppData/Local/Programs/MiKTeX/fonts/type1/public/amsfonts/cm/cmmi10.pfb><C:/Users/vidal/AppData/Local/Programs/MiKTeX/fonts/type1/public/amsfonts/cm/cmmi12.pfb><C:/Users/vidal/AppData/Local/Programs/MiKTeX/fonts/type1/public/amsfonts/cm/cmmi7.pfb><C:/Users/vidal/AppData/Local/Programs/MiKTeX/fonts/type1/public/amsfonts/cm/cmmi8.pfb><C:/Users/vidal/AppData/Local/Programs/MiKTeX/fonts/type1/public/amsfonts/cm/cmmib10.pfb><C:/Users/vidal/AppData/Local/Programs/MiKTeX/fonts/type1/public/amsfonts/cm/cmr10.pfb><C:/Users/vidal/AppData/Local/Programs/MiKTeX/fonts/type1/public/amsfonts/cm/cmr12.pfb><C:/Users/vidal/AppData/Local/Programs/MiKTeX/fonts/type1/public/amsfonts/cm/cmr6.pfb><C:/Users/vidal/AppData/Local/Programs/MiKTeX/fonts/type1/public/amsfonts/cm/cmr7.pfb><C:/Users/vidal/AppData/Local/Programs/MiKTeX/fonts/type1/public/amsfonts/cm/cmr8.pfb><C:/Users/vidal/AppData/Local/Programs/MiKTeX/fonts/type1/public/amsfonts/cm/cmsy10.pfb><C:/Users/vidal/AppData/Local/Programs/MiKTeX/fonts/type1/public/amsfonts/cm/cmsy7.pfb><C:/Users/vidal/AppData/Local/Programs/MiKTeX/fonts/type1/public/amsfonts/cm/cmsy8.pfb>
Output written on Simulacao_Kplint_USLE_ECZ.pdf (39 pages, 7015751 bytes).
PDF statistics:
 706 PDF objects out of 1000 (max. 8388607)
 0 named destinations out of 1000 (max. 500000)
 56 words of extra memory for PDF output out of 10000 (max. 10000000)

